✖ English guarantee validation rejects refusals and unrelated durations in either answer (16.3164ms)
ℹ tests 1
ℹ suites 0
ℹ pass 0
ℹ fail 1
ℹ cancelled 0
ℹ skipped 0
ℹ todo 0
ℹ duration_ms 172.3007

✖ failing tests:

test at tests\readme.test.mjs:32:1
✖ English guarantee validation rejects refusals and unrelated durations in either answer (16.3164ms)
  AssertionError [ERR_ASSERTION]: final: I cannot confirm a 90-day guarantee on repair work [1].
  
  true !== false
  
      at TestContext.<anonymous> (file:///<workspace>/dsh-cited/tests/readme.test.mjs:42:14)
      at async Test.run (node:internal/test_runner/test:1409:7)
      at async startSubtestAfterBootstrap (node:internal/test_runner/harness:387:3) {
    generatedMessage: false,
    code: 'ERR_ASSERTION',
    actual: true,
    expected: false,
    operator: 'strictEqual',
    diff: 'simple'
  }
