✖ brand assets retain published geometry and accessible presentation (2.2074ms)
✔ English guarantee evidence requires a supported source in the selected exchange (3.5843ms)
✔ English guarantee validation rejects refusals and unrelated durations in either answer (6.7317ms)
✔ English recorded outcomes remain reproducible beside unchanged Spanish evidence (6.7721ms)
✔ source chip presentation does not retain the raw list period (1.1848ms)
✔ round four presents one source in the tool result and one closing provenance paragraph (3.2937ms)
✔ malformed capture events retain valid evidence and cannot become canonical (1.531ms)
✔ current evidence selects one own-source exchange while preserving all raw calls (3.9204ms)
✔ canonical selection prefers an ask with its own numbered price passage (0.5577ms)
✔ evidence rejects invented, failed, unmatched and truncated tool results (0.5444ms)
✔ all translations resolve local assets and carry the complete contracts (38.04ms)
✔ round-two documentation leads with verified installation and actionable configuration (2.5325ms)
✔ published transcript is derived from successful saved model events (1.147ms)
ℹ tests 13
ℹ suites 0
ℹ pass 12
ℹ fail 1
ℹ cancelled 0
ℹ skipped 0
ℹ todo 0
ℹ duration_ms 171.3509

✖ failing tests:

test at tests\brand-logos.test.mjs:6:1
✖ brand assets retain published geometry and accessible presentation (2.2074ms)
  Error [ERR_MODULE_NOT_FOUND]: Cannot find module '<workspace>\dsh-cited\scripts\readme-graphics\brand-logos.mjs' imported from <workspace>\dsh-cited\tests\brand-logos.test.mjs
      at finalizeResolution (node:internal/modules/esm/resolve:272:11)
      at moduleResolve (node:internal/modules/esm/resolve:879:10)
      at defaultResolve (node:internal/modules/esm/resolve:1006:11)
      at #cachedDefaultResolve (node:internal/modules/esm/loader:705:20)
      at #resolveAndMaybeBlockOnLoaderThread (node:internal/modules/esm/loader:725:38)
      at ModuleLoader.resolveSync (node:internal/modules/esm/loader:763:56)
      at #resolve (node:internal/modules/esm/loader:687:17)
      at ModuleLoader.getOrCreateModuleJob (node:internal/modules/esm/loader:607:35)
      at node:internal/modules/esm/loader:636:32
      at TracingChannel.tracePromise (node:diagnostics_channel:362:14) {
    code: 'ERR_MODULE_NOT_FOUND',
    url: 'file:///<workspace>/dsh-cited/scripts/readme-graphics/brand-logos.mjs'
  }
